// Jest Snapshot v1, https://goo.gl/fbAQLP

exports[`select_actions selectAvatar Dispatches the correct action and payload 1`] = `Array []`;
